mode: set
github.com/Yandex-Practicum/go-db-sql-final/main.go:29.56,31.2 1 0
github.com/Yandex-Practicum/go-db-sql-final/main.go:33.77,42.16 3 0
github.com/Yandex-Practicum/go-db-sql-final/main.go:42.16,44.3 1 0
github.com/Yandex-Practicum/go-db-sql-final/main.go:46.2,51.20 3 0
github.com/Yandex-Practicum/go-db-sql-final/main.go:54.61,56.16 2 0
github.com/Yandex-Practicum/go-db-sql-final/main.go:56.16,58.3 1 0
github.com/Yandex-Practicum/go-db-sql-final/main.go:60.2,61.33 2 0
github.com/Yandex-Practicum/go-db-sql-final/main.go:61.33,64.3 1 0
github.com/Yandex-Practicum/go-db-sql-final/main.go:65.2,67.12 2 0
github.com/Yandex-Practicum/go-db-sql-final/main.go:70.53,72.16 2 0
github.com/Yandex-Practicum/go-db-sql-final/main.go:72.16,74.3 1 0
github.com/Yandex-Practicum/go-db-sql-final/main.go:76.2,77.23 2 0
github.com/Yandex-Practicum/go-db-sql-final/main.go:78.30,79.32 1 0
github.com/Yandex-Practicum/go-db-sql-final/main.go:80.24,81.37 1 0
github.com/Yandex-Practicum/go-db-sql-final/main.go:82.29,83.13 1 0
github.com/Yandex-Practicum/go-db-sql-final/main.go:86.2,88.46 2 0
github.com/Yandex-Practicum/go-db-sql-final/main.go:91.72,93.2 1 0
github.com/Yandex-Practicum/go-db-sql-final/main.go:95.49,97.2 1 0
github.com/Yandex-Practicum/go-db-sql-final/main.go:99.13,110.16 7 0
github.com/Yandex-Practicum/go-db-sql-final/main.go:110.16,113.3 2 0
github.com/Yandex-Practicum/go-db-sql-final/main.go:116.2,118.16 3 0
github.com/Yandex-Practicum/go-db-sql-final/main.go:118.16,121.3 2 0
github.com/Yandex-Practicum/go-db-sql-final/main.go:124.2,125.16 2 0
github.com/Yandex-Practicum/go-db-sql-final/main.go:125.16,128.3 2 0
github.com/Yandex-Practicum/go-db-sql-final/main.go:131.2,132.16 2 0
github.com/Yandex-Practicum/go-db-sql-final/main.go:132.16,135.3 2 0
github.com/Yandex-Practicum/go-db-sql-final/main.go:138.2,139.16 2 0
github.com/Yandex-Practicum/go-db-sql-final/main.go:139.16,142.3 2 0
github.com/Yandex-Practicum/go-db-sql-final/main.go:146.2,147.16 2 0
github.com/Yandex-Practicum/go-db-sql-final/main.go:147.16,150.3 2 0
github.com/Yandex-Practicum/go-db-sql-final/main.go:153.2,154.16 2 0
github.com/Yandex-Practicum/go-db-sql-final/main.go:154.16,157.3 2 0
github.com/Yandex-Practicum/go-db-sql-final/main.go:160.2,161.16 2 0
github.com/Yandex-Practicum/go-db-sql-final/main.go:161.16,164.3 2 0
github.com/Yandex-Practicum/go-db-sql-final/main.go:168.2,169.16 2 0
github.com/Yandex-Practicum/go-db-sql-final/main.go:169.16,172.3 2 0
github.com/Yandex-Practicum/go-db-sql-final/parcel.go:11.45,13.2 1 1
github.com/Yandex-Practicum/go-db-sql-final/parcel.go:15.49,22.16 2 1
github.com/Yandex-Practicum/go-db-sql-final/parcel.go:22.16,24.3 1 0
github.com/Yandex-Practicum/go-db-sql-final/parcel.go:26.2,27.24 2 1
github.com/Yandex-Practicum/go-db-sql-final/parcel.go:30.54,39.16 4 1
github.com/Yandex-Practicum/go-db-sql-final/parcel.go:39.16,41.3 1 1
github.com/Yandex-Practicum/go-db-sql-final/parcel.go:42.2,42.15 1 1
github.com/Yandex-Practicum/go-db-sql-final/parcel.go:45.64,50.16 2 1
github.com/Yandex-Practicum/go-db-sql-final/parcel.go:50.16,52.3 1 0
github.com/Yandex-Practicum/go-db-sql-final/parcel.go:54.2,55.18 2 1
github.com/Yandex-Practicum/go-db-sql-final/parcel.go:55.18,58.17 3 1
github.com/Yandex-Practicum/go-db-sql-final/parcel.go:58.17,60.4 1 0
github.com/Yandex-Practicum/go-db-sql-final/parcel.go:61.3,61.23 1 1
github.com/Yandex-Practicum/go-db-sql-final/parcel.go:63.2,63.17 1 1
github.com/Yandex-Practicum/go-db-sql-final/parcel.go:66.65,71.16 2 1
github.com/Yandex-Practicum/go-db-sql-final/parcel.go:71.16,73.3 1 0
github.com/Yandex-Practicum/go-db-sql-final/parcel.go:74.2,74.12 1 1
github.com/Yandex-Practicum/go-db-sql-final/parcel.go:77.67,83.16 4 1
github.com/Yandex-Practicum/go-db-sql-final/parcel.go:83.16,85.3 1 0
github.com/Yandex-Practicum/go-db-sql-final/parcel.go:87.2,87.38 1 1
github.com/Yandex-Practicum/go-db-sql-final/parcel.go:87.38,91.17 2 1
github.com/Yandex-Practicum/go-db-sql-final/parcel.go:91.17,93.4 1 0
github.com/Yandex-Practicum/go-db-sql-final/parcel.go:95.2,95.12 1 1
github.com/Yandex-Practicum/go-db-sql-final/parcel.go:98.47,105.16 4 1
github.com/Yandex-Practicum/go-db-sql-final/parcel.go:105.16,107.3 1 0
github.com/Yandex-Practicum/go-db-sql-final/parcel.go:109.2,109.38 1 1
github.com/Yandex-Practicum/go-db-sql-final/parcel.go:109.38,111.17 2 1
github.com/Yandex-Practicum/go-db-sql-final/parcel.go:111.17,113.4 1 0
github.com/Yandex-Practicum/go-db-sql-final/parcel.go:115.2,115.12 1 1
